-sin((256)*(sin(-(r))))*(((0)*(sin(-(r)))+(256)*(cos(-(r))*(-(1)))))
