((((0)*(421)+(r)*(0)))+(((-(0))*(d)+(-(2))*(0))))-((((0)+((0)+(0)))*((a)*((b)*(c)))-((q)+((w)+(e)))*(((1)*((b)*(c))+(a)*(((0)*(c)+(b)*(0))))))/((a)*((b)*(c)))^2)
