-sin((A)*(sin((c)-(s))))*(((0)*(sin((c)-(s)))+(A)*(cos((c)-(s))*((1)-(0)))))
